node.exe :         Info Looking up installed tauri packages to check mismatched versions...
Au caractère Ligne:1 : 1
+ & "C:\Program Files\nodejs/node.exe" "C:\Program Files\nodejs/node_mo ...
+ ~~~~~~~~~~~~~~~~~~~~~~~~~~~~~~~~~~~~~~~~~~~~~~~~~~~~~~~~~~~~~~~~~~~~~
    + CategoryInfo          : NotSpecified: (        Info Lo...hed versions...:String) [], RemoteException
    + FullyQualifiedErrorId : NativeCommandError
 
     Running beforeBuildCommand `npm run frontend:build`
    Blocking waiting for file lock on artifact directory
